...................................................FFFF..........F.      [100%]
=================================== FAILURES ===================================
_____ test_rtf_1_a_python3_that_fails_with_output_keeps_the_refusal_shape ______

install = PosixPath('/var/folders/b1/5v5dtk5d13bbr6jmg6lhgctw0000gn/T/compass-rtp-39mlnts6')

    def test_rtf_1_a_python3_that_fails_with_output_keeps_the_refusal_shape(install):
        broken = install / "brokenbin"
        broken.mkdir()
        (broken / "python3").write_text(
            "#!/bin/sh\necho 'broken python: dyld error' >&2\nexit 1\n")
        (broken / "python3").chmod(0o755)
        result = _hook(install, "src/app.py",
                       path=f"{broken}:{os.environ['PATH']}")
        assert result.returncode == 2, (result.returncode, result.stderr)
        err = result.stderr
>       assert "Blocked:" in err and "src/app.py" in err, err
E       AssertionError: broken python: dyld error
E         
E       assert ('Blocked:' in 'broken python: dyld error\n')

tests/test_refusal_registry.py:310: AssertionError
______________________ test_rtf_2_the_fix_lines_are_exact ______________________

    def test_rtf_2_the_fix_lines_are_exact():
        fixes = {c: REFUSALS[c]["fix"] for c in codes()}
>       assert "3.10+" in fixes["python-missing"]
E       AssertionError: assert '3.10+' in 'install python3 (3.9+) or put it on PATH, then retry.'

tests/test_refusal_registry.py:317: AssertionError
________ test_rtf_3_a_long_parameter_is_cut_and_the_refusal_stays_short ________

    def test_rtf_3_a_long_parameter_is_cut_and_the_refusal_stays_short():
        long_detail = " ".join(["word"] * 200)
        text = render("config-invalid", target="src/app.py", tool="Edit",
                      detail=long_detail)
>       assert len(text.split()) < 60, len(text.split())
E       AssertionError: 218
E       assert 218 < 60
E        +  where 218 = len(['Blocked:', 'edit', 'to', 'src/app.py', '(tool:', 'Edit)', ...])
E        +    where ['Blocked:', 'edit', 'to', 'src/app.py', '(tool:', 'Edit)', ...] = <built-in method split of str object at 0xa09728f00>()
E        +      where <built-in method split of str object at 0xa09728f00> = "Blocked: edit to src/app.py (tool: Edit)\nWhy: '.compass/config.yml' could not be read: word word word word word word...word word word word word word word word word word word word\nFix: fix .compass/config.yml and re-try. [config-invalid]".split

tests/test_refusal_registry.py:328: AssertionError
________ test_rtf_4_the_registry_comment_claims_only_what_render_checks ________

    def test_rtf_4_the_registry_comment_claims_only_what_render_checks():
        source = (ROOT / "cli" / "compass_pkg" / "refusals.py").read_text()
>       assert "passes a\n#: field the template does not use" not in source
E       AssertionError: assert 'passes a\n#...does not use' not in '# =========...  return 0\n'
E         
E         'passes a\n#: field...mplate does not use' is contained here:
E           site that passes a
E           #: field the template does not use, or omits one it does, fails loudly -
E           #: str.format() raises rather than silently dropping text - because that
E           #: means the call site and the registry have drifted apart.
E           REFUSALS: dict[str, dict[str, str]] = {...
E         
E         ...Full output truncated (123 lines hidden), use '-vv' to show

tests/test_refusal_registry.py:333: AssertionError
____________ test_no_string_literal_in_the_cli_or_hooks_says_triage ____________

    def test_no_string_literal_in_the_cli_or_hooks_says_triage():
        """The whole class, not the listed files: every string literal in the
        CLI and the hooks - what can reach a terminal. Comments name the
        retired word freely and are not scanned."""
        offenders = []
        for path in _all_cli_and_hook_sources():
            for lineno, line in enumerate(
                    path.read_text(encoding="utf-8").splitlines(), start=1):
                if line.strip().startswith("#") or line.strip() == _ALLOWED_LINE:
                    continue
                if _LITERAL.search(line):
                    offenders.append(f"{path.relative_to(ROOT)}:{lineno}")
>       assert not offenders, "string literals saying 'triage':\n  " + \
            "\n  ".join(offenders)
E       AssertionError: string literals saying 'triage':
E           scripts/install.sh:275
E           scripts/multiagent.sh:151
E       assert not ['scripts/install.sh:275', 'scripts/multiagent.sh:151']

tests/test_printed_strings_name_no_retired_word.py:209: AssertionError
=========================== short test summary info ============================
FAILED tests/test_refusal_registry.py::test_rtf_1_a_python3_that_fails_with_output_keeps_the_refusal_shape
FAILED tests/test_refusal_registry.py::test_rtf_2_the_fix_lines_are_exact - A...
FAILED tests/test_refusal_registry.py::test_rtf_3_a_long_parameter_is_cut_and_the_refusal_stays_short
FAILED tests/test_refusal_registry.py::test_rtf_4_the_registry_comment_claims_only_what_render_checks
FAILED tests/test_printed_strings_name_no_retired_word.py::test_no_string_literal_in_the_cli_or_hooks_says_triage
